Loading existing data to avoid duplicates...
Processing products_cleaned.jsonl...
Bulk creating 360 products...
Traceback (most recent call last):
  File "C:\Users\hakim\Desktop\Pay4All\backend\venv\Lib\site-packages\django\db\backends\utils.py", line 105, in _execute
    return self.cursor.execute(sql, params)
           ~~~~~~~~~~~~~~~~~~~^^^^^^^^^^^^^
psycopg2.errors.UndefinedColumn: column "barcode" of relation "products_product" does not exist
LINE 1: ...br_rating", "description", "image", "image_urls", "barcode",...
                                                             ^


The above exception was the direct cause of the following exception:

Traceback (most recent call last):
  File "C:\Users\hakim\Desktop\Pay4All\backend\manage.py", line 22, in <module>
    main()
    ~~~~^^
  File "C:\Users\hakim\Desktop\Pay4All\backend\manage.py", line 18, in main
    execute_from_command_line(sys.argv)
    ~~~~~~~~~~~~~~~~~~~~~~~~~^^^^^^^^^^
  File "C:\Users\hakim\Desktop\Pay4All\backend\venv\Lib\site-packages\django\core\management\__init__.py", line 442, in execute_from_command_line
    utility.execute()
    ~~~~~~~~~~~~~~~^^
  File "C:\Users\hakim\Desktop\Pay4All\backend\venv\Lib\site-packages\django\core\management\__init__.py", line 436, in execute
    self.fetch_command(subcommand).run_from_argv(self.argv)
    ~~~~~~~~~~~~~~~~~~~~~~~~~~~~~~~~~~~~~~~~~~~~^^^^^^^^^^^
  File "C:\Users\hakim\Desktop\Pay4All\backend\venv\Lib\site-packages\django\core\management\base.py", line 420, in run_from_argv
    self.execute(*args, **cmd_options)
    ~~~~~~~~~~~~^^^^^^^^^^^^^^^^^^^^^^
  File "C:\Users\hakim\Desktop\Pay4All\backend\venv\Lib\site-packages\django\core\management\base.py", line 464, in execute
    output = self.handle(*args, **options)
  File "C:\Users\hakim\Desktop\Pay4All\backend\products\management\commands\import_products.py", line 87, in handle
    Product.objects.bulk_create(new_products, batch_size=1000)
    ~~~~~~~~~~~~~~~~~~~~~~~~~~~^^^^^^^^^^^^^^^^^^^^^^^^^^^^^^^
  File "C:\Users\hakim\Desktop\Pay4All\backend\venv\Lib\site-packages\django\db\models\manager.py", line 87, in manager_method
    return getattr(self.get_queryset(), name)(*args, **kwargs)
           ~~~~~~~~~~~~~~~~~~~~~~~~~~~~~~~~~~^^^^^^^^^^^^^^^^^
  File "C:\Users\hakim\Desktop\Pay4All\backend\venv\Lib\site-packages\django\db\models\query.py", line 825, in bulk_create
    returned_columns = self._batched_insert(
        objs_without_pk,
    ...<4 lines>...
        unique_fields=unique_fields,
    )
  File "C:\Users\hakim\Desktop\Pay4All\backend\venv\Lib\site-packages\django\db\models\query.py", line 1901, in _batched_insert
    self._insert(
    ~~~~~~~~~~~~^
        item,
        ^^^^^
    ...<5 lines>...
        returning_fields=self.model._meta.db_returning_fields,
        ^^^^^^^^^^^^^^^^^^^^^^^^^^^^^^^^^^^^^^^^^^^^^^^^^^^^^^
    )
    ^
  File "C:\Users\hakim\Desktop\Pay4All\backend\venv\Lib\site-packages\django\db\models\query.py", line 1873, in _insert
    return query.get_compiler(using=using).execute_sql(returning_fields)
           ~~~~~~~~~~~~~~~~~~~~~~~~~~~~~~~~~~~~~~~~~~~^^^^^^^^^^^^^^^^^^
  File "C:\Users\hakim\Desktop\Pay4All\backend\venv\Lib\site-packages\django\db\models\sql\compiler.py", line 1882, in execute_sql
    cursor.execute(sql, params)
    ~~~~~~~~~~~~~~^^^^^^^^^^^^^
  File "C:\Users\hakim\Desktop\Pay4All\backend\venv\Lib\site-packages\django\db\backends\utils.py", line 122, in execute
    return super().execute(sql, params)
           ~~~~~~~~~~~~~~~^^^^^^^^^^^^^
  File "C:\Users\hakim\Desktop\Pay4All\backend\venv\Lib\site-packages\django\db\backends\utils.py", line 79, in execute
    return self._execute_with_wrappers(
           ~~~~~~~~~~~~~~~~~~~~~~~~~~~^
        sql, params, many=False, executor=self._execute
        ^^^^^^^^^^^^^^^^^^^^^^^^^^^^^^^^^^^^^^^^^^^^^^^
    )
    ^
  File "C:\Users\hakim\Desktop\Pay4All\backend\venv\Lib\site-packages\django\db\backends\utils.py", line 92, in _execute_with_wrappers
    return executor(sql, params, many, context)
  File "C:\Users\hakim\Desktop\Pay4All\backend\venv\Lib\site-packages\django\db\backends\utils.py", line 100, in _execute
    with self.db.wrap_database_errors:
         ^^^^^^^^^^^^^^^^^^^^^^^^^^^^
  File "C:\Users\hakim\Desktop\Pay4All\backend\venv\Lib\site-packages\django\db\utils.py", line 91, in __exit__
    raise dj_exc_value.with_traceback(traceback) from exc_value
  File "C:\Users\hakim\Desktop\Pay4All\backend\venv\Lib\site-packages\django\db\backends\utils.py", line 105, in _execute
    return self.cursor.execute(sql, params)
           ~~~~~~~~~~~~~~~~~~~^^^^^^^^^^^^^
django.db.utils.ProgrammingError: column "barcode" of relation "products_product" does not exist
LINE 1: ...br_rating", "description", "image", "image_urls", "barcode",...
                                                             ^

